# test_rectangle.txt

# Test case 1
>>> r = Rectangle(2, 4)
>>> r.width
2
>>> r.height
4
>>> r.width = 10
>>> r.height = 3
>>> r.__dict__
{'_Rectangle__width': 10, '_Rectangle__height': 3}

# Test case 2
>>> try:
...     my_rectangle = Rectangle(2, -3)
... except Exception as e:
...     print("[{}] {}".format(e.__class__.__name__, e))
[ValueError] Height must be >= 0

# Test case 3
>>> try:
...     my_rectangle = Rectangle(-2, 3)
... except Exception as e:
...     print("[{}] {}".format(e.__class__.__name__, e))
[ValueError] Width must be >= 0

# Test case 4
>>> try:
...     my_rectangle = Rectangle(2, 3)
...     my_rectangle.width = -4
... except Exception as e:
...     print("[{}] {}".format(e.__class__.__name__, e))
[ValueError] Width must be >= 0
